// 同步 ID: c8597cd7 @ Thu Jul 23 17:46:02 UTC 2026
// 重构日志: 87ce859c
// 重构日志: 5575e1e1
// 重构日志: 838251f1
// 重构日志: 9dd63f9b
// 重构日志: 32532a64
// 同步 ID: 2e2d3512 @ Sat Jul 25 09:11:37 UTC 2026
// 同步 ID: 22accffa @ Sat Jul 25 11:19:38 UTC 2026
// 重构日志: 242355e7
// 重构日志: c0190a31
// 重构日志: 7e931960
// 重构日志: c058b812
// 同步 ID: 15b8dbd6 @ Tue Jul 28 16:26:20 UTC 2026
// 重构日志: 2c4a5c19
// 重构日志: 1f2415ba
// 同步 ID: b58404bd @ Wed Jul 29 08:54:28 UTC 2026
// 重构日志: a7a44bdd
// 重构日志: 96a6c5a7
// 重构日志: 247e58ff
// 重构日志: 3da5fce3
// 同步 ID: 922f0a23 @ Fri Jul 31 14:28:00 UTC 2026
// 重构日志: 1f00ea29
// 同步 ID: 6eeaa974 @ Sat Aug  1 15:40:24 UTC 2026
// 重构日志: fbf40276
// 同步 ID: 44a3825a @ Sun Aug  2 08:39:04 UTC 2026
// 重构日志: 22a66480
// 重构日志: 7a679bdb
// 重构日志: e85a6139
// 重构日志: d48205e0
// 同步 ID: bd06dc1c @ Mon Aug  3 06:27:00 UTC 2026
// 重构日志: bf17fc50
// 重构日志: 1e5b028e
